OPENSSL_1_0_0 {
    global:
        AES_cbc_encrypt;
        AES_set_decrypt_key;
        BIO_ctrl;
        BIO_f_base64;
        BIO_free;
        BIO_free_all;
        BIO_new;
        BIO_new_file;
        BIO_new_mem_buf;
        BIO_push;
        BIO_read;
        BIO_s_file;
        BIO_s_mem;
        BIO_set_flags;
        BIO_write;
        CRYPTO_free;
        CRYPTO_malloc;
        ERR_get_error;
        ERR_reason_error_string;
        EVP_CIPHER_CTX_cleanup;
        EVP_CIPHER_CTX_init;
        EVP_CipherFinal_ex;
        EVP_CipherInit_ex;
        EVP_CipherUpdate;
        EVP_DigestFinal_ex;
        EVP_DigestInit_ex;
        EVP_DigestUpdate;
        EVP_MD_CTX_cleanup;
        EVP_MD_CTX_init;
        EVP_PKEY_free;
        EVP_PKEY_get1_RSA;
        EVP_aes_128_cbc;
        EVP_aes_256_cbc;
        EVP_md5;
        EVP_sha1;
        HMAC_CTX_cleanup;
        HMAC_CTX_init;
        HMAC_Final;
        HMAC_Init_ex;
        HMAC_Update;
        MD5;
        OPENSSL_add_all_algorithms_noconf;
        PEM_read_RSAPrivateKey;
        PEM_read_RSA_PUBKEY;
        PEM_read_bio_X509;
        RSA_free;
        RSA_private_decrypt;
        RSA_public_decrypt;
        RSA_public_encrypt;
        RSA_size;
        SHA256;
        X509_free;
        X509_get_pubkey;
    local:
        *;
};
