OPENSSL_1_1_0 {
    global:
        BIO_free;
        BIO_new_mem_buf;
        BN_cmp;
        DSA_free;
        EC_KEY_free;
        EC_KEY_get0_group;
        EC_KEY_get0_public_key;
        EC_POINT_cmp;
        EVP_CIPHER_CTX_block_size;
        EVP_CIPHER_CTX_free;
        EVP_CIPHER_CTX_new;
        EVP_DecryptFinal_ex;
        EVP_DecryptInit_ex;
        EVP_DecryptUpdate;
        EVP_EncryptFinal_ex;
        EVP_EncryptInit_ex;
        EVP_EncryptUpdate;
        EVP_PKEY_free;
        EVP_PKEY_get1_DSA;
        EVP_PKEY_get1_EC_KEY;
        EVP_PKEY_get1_RSA;
        EVP_PKEY_id;
        EVP_aes_256_ecb;
        MD5_Final;
        MD5_Init;
        MD5_Update;
        OpenSSL_version_num;
        PEM_read_PrivateKey;
        PEM_read_RSAPrivateKey;
        PEM_read_RSA_PUBKEY;
        PEM_read_X509;
        PEM_read_bio_RSAPrivateKey;
        PEM_read_bio_RSA_PUBKEY;
        RAND_bytes;
        RSA_free;
        RSA_new;
        RSA_get0_n;
        RSA_private_decrypt;
        RSA_private_encrypt;
        RSA_public_decrypt;
        RSA_public_encrypt;
        RSA_size;
        SHA256_Final;
        SHA256_Init;
        SHA256_Update;
        X509_NAME_oneline;
        X509_free;
        X509_get_issuer_name;
        X509_get_pubkey;
        X509_get_subject_name;
        X509_getm_notAfter;
        DSA_get0_pub_key;
        d2i_PrivateKey_fp;
        d2i_X509_fp;
        BIO_ctrl;
        BIO_new;
        BIO_read;
        BIO_s_mem;
	BIO_write;
	ASN1_STRING_data;
	ASN1_STRING_get0_data;
	ASN1_STRING_length;
	ASN1_STRING_to_UTF8;
	CRYPTO_free;
	CRYPTO_get_ex_new_index;
	CRYPTO_malloc;
	ERR_clear_error;
	ERR_error_string_n;
	ERR_get_error;
	ERR_load_BIO_strings;
	ERR_reason_error_string;
	HMAC;
	OpenSSL_version;
        EVP_sha1;
        EVP_sha256;
        OPENSSL_die;
        OPENSSL_init_crypto;
        OPENSSL_sk_num;
        OPENSSL_sk_value;
        RSA_verify;
        SHA256;
        SHA512_Final;
        SHA512_Init;
        SHA512_Update;
        X509_STORE_CTX_get_error;
        X509_STORE_CTX_get_ex_data;
        X509_digest;
        X509_get_ext_d2i;
        X509_get_serialNumber;
        X509_get_version;
        X509_getm_notBefore;
    local:
        *;
};

OPENSSL_1_1_1 {
    global:
        DSA_get0_pub_key;
        RSA_get0_n;
} OPENSSL_1_1_0;
