OPENSSL_1_1_0 {
    global:
        SSL_CTX_free;
        SSL_CTX_new;
        SSL_CTX_use_certificate_chain_file;
        SSL_CTX_set_verify;
        SSL_CTX_set_cipher_list;
        SSL_CTX_ctrl;
        SSL_CTX_check_private_key;
        SSL_CTX_use_PrivateKey_file;
        SSL_CTX_use_certificate_file;
        SSL_ctrl;
        SSL_free;
        SSL_get_error;
        SSL_get_peer_certificate;
        OPENSSL_init_ssl;
        SSL_new;
        SSL_read;
        SSL_set_verify;
        SSL_shutdown;
        SSL_write;
        TLS_server_method;
        TLS_method;
        DTLS_method;
        DTLS_server_method;
        TLSv1_method;
        TLSv1_server_method;
        SSL_CIPHER_get_id;
        SSL_CIPHER_get_name;
        SSL_CTX_load_verify_locations;
        SSL_CTX_set_cookie_generate_cb;
        SSL_CTX_set_cookie_verify_cb;
        SSL_CTX_set_default_passwd_cb;
        SSL_CTX_set_default_passwd_cb_userdata;
        SSL_CTX_set_verify_depth;
        SSL_do_handshake;
        SSL_get_certificate;
        SSL_get_ciphers;
        SSL_get_current_cipher;
        SSL_get_ex_data;
        SSL_get_ex_data_X509_STORE_CTX_idx;
        SSL_is_init_finished;
        SSL_renegotiate;
        SSL_renegotiate_pending;
        SSL_set_accept_state;
        SSL_set_bio;
        SSL_set_cipher_list;
        SSL_set_connect_state;
        SSL_set_ex_data;
        SSL_set_options;
    local:
        *;
};
